<?xml version="1.0" encoding="utf-8"?><testsuites name="pytest tests"><testsuite name="pytest" errors="0" failures="0" skipped="0" tests="2" time="11.568" timestamp="2026-07-10T13:14:20.891839+05:30" hostname="Crystalcodelabs-15"><testcase classname="tests.master_menu.test_voucher_types" name="test_voucher_types_visibility[chromium]" time="5.426" /><testcase classname="tests.master_menu.test_voucher_types" name="test_edit_voucher_type[chromium]" time="6.099" /></testsuite></testsuites>